created virtual environment CPython3.10.13.final.0-64 in 508ms
  creator CPython3Posix(dest=/localscratch/pedro36.381740.0/env, clear=False, no_vcs_ignore=False, global=False)
  seeder FromAppData(download=False, pip=bundle, setuptools=bundle, wheel=bundle, via=copy, app_data_dir=/home/pedro36/.local/share/virtualenv)
    added seed packages: pip==23.2.1, setuptools==68.0.0, wheel==0.41.1
  activators BashActivator,CShellActivator,FishActivator,NushellActivator,PowerShellActivator,PythonActivator
Looking in links: /cvmfs/soft.computecanada.ca/custom/python/wheelhouse/gentoo2023/x86-64-v4, /cvmfs/soft.computecanada.ca/custom/python/wheelhouse/gentoo2023/x86-64-v3, /cvmfs/soft.computecanada.ca/custom/python/wheelhouse/gentoo2023/generic, /cvmfs/soft.computecanada.ca/custom/python/wheelhouse/generic
Requirement already satisfied: pip in /localscratch/pedro36.381740.0/env/lib/python3.10/site-packages (23.2.1)
Processing /cvmfs/soft.computecanada.ca/custom/python/wheelhouse/generic/pip-25.0+computecanada-py3-none-any.whl
Installing collected packages: pip
  Attempting uninstall: pip
    Found existing installation: pip 23.2.1
    Uninstalling pip-23.2.1:
      Successfully uninstalled pip-23.2.1
Successfully installed pip-25.0+computecanada
Looking in links: /cvmfs/soft.computecanada.ca/custom/python/wheelhouse/gentoo2023/x86-64-v4, /cvmfs/soft.computecanada.ca/custom/python/wheelhouse/gentoo2023/x86-64-v3, /cvmfs/soft.computecanada.ca/custom/python/wheelhouse/gentoo2023/generic, /cvmfs/soft.computecanada.ca/custom/python/wheelhouse/generic
Processing /cvmfs/soft.computecanada.ca/custom/python/wheelhouse/gentoo2023/x86-64-v3/torch-2.6.0+computecanada-cp310-cp310-linux_x86_64.whl
Processing /cvmfs/soft.computecanada.ca/custom/python/wheelhouse/gentoo2023/generic/torchvision-0.21.0+computecanada-cp310-cp310-linux_x86_64.whl
Processing /cvmfs/soft.computecanada.ca/custom/python/wheelhouse/gentoo2023/x86-64-v3/torchaudio-2.6.0+computecanada-cp310-cp310-linux_x86_64.whl
Processing /cvmfs/soft.computecanada.ca/custom/python/wheelhouse/generic/ftfy-6.3.1+computecanada-py3-none-any.whl
Processing /cvmfs/soft.computecanada.ca/custom/python/wheelhouse/gentoo2023/generic/scipy-1.15.1+computecanada-cp310-cp310-linux_x86_64.whl
Processing /cvmfs/soft.computecanada.ca/custom/python/wheelhouse/generic/regex-2024.9.11+computecanada-cp310-cp310-linux_x86_64.whl
Processing /cvmfs/soft.computecanada.ca/custom/python/wheelhouse/generic/tqdm-4.67.1+computecanada-py3-none-any.whl
Processing /cvmfs/soft.computecanada.ca/custom/python/wheelhouse/generic/gdown-5.2.0+computecanada-py3-none-any.whl
Processing /cvmfs/soft.computecanada.ca/custom/python/wheelhouse/gentoo2023/x86-64-v3/pandas-2.2.3+computecanada-cp310-cp310-linux_x86_64.whl
Processing /cvmfs/soft.computecanada.ca/custom/python/wheelhouse/generic/filelock-3.18.0+computecanada-py3-none-any.whl (from torch)
Processing /cvmfs/soft.computecanada.ca/custom/python/wheelhouse/generic/typing_extensions-4.14.1+computecanada-py3-none-any.whl (from torch)
Processing /cvmfs/soft.computecanada.ca/custom/python/wheelhouse/generic/networkx-3.5+computecanada-py3-none-any.whl (from torch)
Processing /cvmfs/soft.computecanada.ca/custom/python/wheelhouse/generic/jinja2-3.1.6+computecanada-py3-none-any.whl (from torch)
Processing /cvmfs/soft.computecanada.ca/custom/python/wheelhouse/generic/fsspec-2025.7.0+computecanada-py3-none-any.whl (from torch)
Processing /cvmfs/soft.computecanada.ca/custom/python/wheelhouse/generic/sympy-1.13.1+computecanada-py3-none-any.whl (from torch)
Processing /cvmfs/soft.computecanada.ca/custom/python/wheelhouse/generic/mpmath-1.3.0+computecanada-py3-none-any.whl (from sympy==1.13.1->torch)
Processing /cvmfs/soft.computecanada.ca/custom/python/wheelhouse/gentoo2023/generic/numpy-2.2.2+computecanada-cp310-cp310-linux_x86_64.whl (from torchvision)
Processing /cvmfs/soft.computecanada.ca/custom/python/wheelhouse/gentoo2023/x86-64-v3/Pillow_SIMD-9.5.0.post2+computecanada-cp310-cp310-linux_x86_64.whl (from torchvision)
Processing /cvmfs/soft.computecanada.ca/custom/python/wheelhouse/generic/wcwidth-0.2.13+computecanada-py2.py3-none-any.whl (from ftfy)
Processing /cvmfs/soft.computecanada.ca/custom/python/wheelhouse/generic/beautifulsoup4-4.13.4+computecanada-py3-none-any.whl (from gdown)
Processing /cvmfs/soft.computecanada.ca/custom/python/wheelhouse/generic/requests-2.32.4+computecanada-py3-none-any.whl (from gdown)
Processing /cvmfs/soft.computecanada.ca/custom/python/wheelhouse/generic/python_dateutil-2.9.0.post0+computecanada-py2.py3-none-any.whl (from pandas)
Processing /cvmfs/soft.computecanada.ca/custom/python/wheelhouse/generic/pytz-2025.2+computecanada-py2.py3-none-any.whl (from pandas)
Processing /cvmfs/soft.computecanada.ca/custom/python/wheelhouse/generic/tzdata-2025.2+computecanada-py2.py3-none-any.whl (from pandas)
Processing /cvmfs/soft.computecanada.ca/custom/python/wheelhouse/generic/six-1.17.0+computecanada-py2.py3-none-any.whl (from python-dateutil>=2.8.2->pandas)
Processing /cvmfs/soft.computecanada.ca/custom/python/wheelhouse/generic/soupsieve-2.7+computecanada-py3-none-any.whl (from beautifulsoup4->gdown)
Processing /cvmfs/soft.computecanada.ca/custom/python/wheelhouse/generic/MarkupSafe-2.1.5+computecanada-cp310-cp310-linux_x86_64.whl (from jinja2->torch)
INFO: pip is looking at multiple versions of networkx to determine which version is compatible with other requirements. This could take a while.
Processing /cvmfs/soft.computecanada.ca/custom/python/wheelhouse/generic/networkx-3.4.2+computecanada-py3-none-any.whl (from torch)
Processing /cvmfs/soft.computecanada.ca/custom/python/wheelhouse/generic/charset_normalizer-3.4.2+computecanada-py3-none-any.whl (from requests[socks]->gdown)
Processing /cvmfs/soft.computecanada.ca/custom/python/wheelhouse/generic/idna-3.10+computecanada-py3-none-any.whl (from requests[socks]->gdown)
Processing /cvmfs/soft.computecanada.ca/custom/python/wheelhouse/generic/urllib3-2.5.0+computecanada-py3-none-any.whl (from requests[socks]->gdown)
Processing /cvmfs/soft.computecanada.ca/custom/python/wheelhouse/generic/certifi-2025.7.14+computecanada-py3-none-any.whl (from requests[socks]->gdown)
Processing /cvmfs/soft.computecanada.ca/custom/python/wheelhouse/generic/PySocks-1.7.1+computecanada-py3-none-any.whl (from requests[socks]->gdown)
Installing collected packages: wcwidth, pytz, mpmath, urllib3, tzdata, typing-extensions, tqdm, sympy, soupsieve, six, regex, PySocks, pillow-simd, numpy, networkx, MarkupSafe, idna, ftfy, fsspec, filelock, charset-normalizer, certifi, scipy, requests, python-dateutil, jinja2, beautifulsoup4, torch, pandas, torchvision, torchaudio, gdown
Successfully installed MarkupSafe-2.1.5+computecanada PySocks-1.7.1+computecanada beautifulsoup4-4.13.4+computecanada certifi-2025.7.14+computecanada charset-normalizer-3.4.2+computecanada filelock-3.18.0+computecanada fsspec-2025.7.0+computecanada ftfy-6.3.1+computecanada gdown-5.2.0+computecanada idna-3.10+computecanada jinja2-3.1.6+computecanada mpmath-1.3.0+computecanada networkx-3.4.2+computecanada numpy-2.2.2+computecanada pandas-2.2.3+computecanada pillow-simd-9.5.0.post2+computecanada python-dateutil-2.9.0.post0+computecanada pytz-2025.2+computecanada regex-2024.9.11+computecanada requests-2.32.4+computecanada scipy-1.15.1+computecanada six-1.17.0+computecanada soupsieve-2.7+computecanada sympy-1.13.1+computecanada torch-2.6.0+computecanada torchaudio-2.6.0+computecanada torchvision-0.21.0+computecanada tqdm-4.67.1+computecanada typing-extensions-4.14.1+computecanada tzdata-2025.2+computecanada urllib3-2.5.0+computecanada wcwidth-0.2.13+computecanada
Preparing dataset.
Reading split from /home/pedro36/links/projects/def-leszek/pedro36/datasets/DATA/OxfordPets/split_zhou_OxfordPets.json
Creating a 4-shot dataset
Creating a 16-shot dataset

Getting textual features as CLIP's classifier.

Loading visual features and labels from val set.

Loading visual features and labels from test set.

**** Zero-shot CLIP's test accuracy: 88.12. ****

Residual Attention Block 0: ResidualAttentionBlock(
  (attn): MultiheadAttention(
    (out_proj): NonDynamicallyQuantizableLinear(in_features=512, out_features=512, bias=True)
  )
  (ln_1): LayerNorm((512,), eps=1e-05, elementwise_affine=True)
  (mlp): Sequential(
    (c_fc): Linear(in_features=512, out_features=2048, bias=True)
    (gelu): QuickGELU()
    (c_proj): Linear(in_features=2048, out_features=512, bias=True)
  )
  (ln_2): LayerNorm((512,), eps=1e-05, elementwise_affine=True)
)
Residual Attention Block 1: ResidualAttentionBlock(
  (attn): MultiheadAttention(
    (out_proj): NonDynamicallyQuantizableLinear(in_features=512, out_features=512, bias=True)
  )
  (ln_1): LayerNorm((512,), eps=1e-05, elementwise_affine=True)
  (mlp): Sequential(
    (c_fc): Linear(in_features=512, out_features=2048, bias=True)
    (gelu): QuickGELU()
    (c_proj): Linear(in_features=2048, out_features=512, bias=True)
  )
  (ln_2): LayerNorm((512,), eps=1e-05, elementwise_affine=True)
)
Residual Attention Block 2: ResidualAttentionBlock(
  (attn): MultiheadAttention(
    (out_proj): NonDynamicallyQuantizableLinear(in_features=512, out_features=512, bias=True)
  )
  (ln_1): LayerNorm((512,), eps=1e-05, elementwise_affine=True)
  (mlp): Sequential(
    (c_fc): Linear(in_features=512, out_features=2048, bias=True)
    (gelu): QuickGELU()
    (c_proj): Linear(in_features=2048, out_features=512, bias=True)
  )
  (ln_2): LayerNorm((512,), eps=1e-05, elementwise_affine=True)
)
Residual Attention Block 3: ResidualAttentionBlock(
  (attn): MultiheadAttention(
    (out_proj): NonDynamicallyQuantizableLinear(in_features=512, out_features=512, bias=True)
  )
  (ln_1): LayerNorm((512,), eps=1e-05, elementwise_affine=True)
  (mlp): Sequential(
    (c_fc): Linear(in_features=512, out_features=2048, bias=True)
    (gelu): QuickGELU()
    (c_proj): Linear(in_features=2048, out_features=512, bias=True)
  )
  (ln_2): LayerNorm((512,), eps=1e-05, elementwise_affine=True)
)
Residual Attention Block 4: ResidualAttentionBlock(
  (attn): MultiheadAttention(
    (out_proj): NonDynamicallyQuantizableLinear(in_features=512, out_features=512, bias=True)
  )
  (ln_1): LayerNorm((512,), eps=1e-05, elementwise_affine=True)
  (mlp): Sequential(
    (c_fc): Linear(in_features=512, out_features=2048, bias=True)
    (gelu): QuickGELU()
    (c_proj): Linear(in_features=2048, out_features=512, bias=True)
  )
  (ln_2): LayerNorm((512,), eps=1e-05, elementwise_affine=True)
)
Residual Attention Block 5: ResidualAttentionBlock(
  (attn): MultiheadAttention(
    (out_proj): NonDynamicallyQuantizableLinear(in_features=512, out_features=512, bias=True)
  )
  (ln_1): LayerNorm((512,), eps=1e-05, elementwise_affine=True)
  (mlp): Sequential(
    (c_fc): Linear(in_features=512, out_features=2048, bias=True)
    (gelu): QuickGELU()
    (c_proj): Linear(in_features=2048, out_features=512, bias=True)
  )
  (ln_2): LayerNorm((512,), eps=1e-05, elementwise_affine=True)
)
Residual Attention Block 6: ResidualAttentionBlock(
  (attn): MultiheadAttention(
    (out_proj): NonDynamicallyQuantizableLinear(in_features=512, out_features=512, bias=True)
  )
  (ln_1): LayerNorm((512,), eps=1e-05, elementwise_affine=True)
  (mlp): Sequential(
    (c_fc): Linear(in_features=512, out_features=2048, bias=True)
    (gelu): QuickGELU()
    (c_proj): Linear(in_features=2048, out_features=512, bias=True)
  )
  (ln_2): LayerNorm((512,), eps=1e-05, elementwise_affine=True)
)
Residual Attention Block 7: ResidualAttentionBlock(
  (attn): MultiheadAttention(
    (out_proj): NonDynamicallyQuantizableLinear(in_features=512, out_features=512, bias=True)
  )
  (ln_1): LayerNorm((512,), eps=1e-05, elementwise_affine=True)
  (mlp): Sequential(
    (c_fc): Linear(in_features=512, out_features=2048, bias=True)
    (gelu): QuickGELU()
    (c_proj): Linear(in_features=2048, out_features=512, bias=True)
  )
  (ln_2): LayerNorm((512,), eps=1e-05, elementwise_affine=True)
)
Residual Attention Block 8: ResidualAttentionBlock(
  (attn): MultiheadAttention(
    (out_proj): NonDynamicallyQuantizableLinear(in_features=512, out_features=512, bias=True)
  )
  (ln_1): LayerNorm((512,), eps=1e-05, elementwise_affine=True)
  (mlp): Sequential(
    (c_fc): Linear(in_features=512, out_features=2048, bias=True)
    (gelu): QuickGELU()
    (c_proj): Linear(in_features=2048, out_features=512, bias=True)
  )
  (ln_2): LayerNorm((512,), eps=1e-05, elementwise_affine=True)
)
Residual Attention Block 9: ResidualAttentionBlock(
  (attn): MultiheadAttention(
    (out_proj): NonDynamicallyQuantizableLinear(in_features=512, out_features=512, bias=True)
  )
  (ln_1): LayerNorm((512,), eps=1e-05, elementwise_affine=True)
  (mlp): Sequential(
    (c_fc): Linear(in_features=512, out_features=2048, bias=True)
    (gelu): QuickGELU()
    (c_proj): Linear(in_features=2048, out_features=512, bias=True)
  )
  (ln_2): LayerNorm((512,), eps=1e-05, elementwise_affine=True)
)
Residual Attention Block 10: ResidualAttentionBlock(
  (attn): MultiheadAttention(
    (out_proj): NonDynamicallyQuantizableLinear(in_features=512, out_features=512, bias=True)
  )
  (ln_1): LayerNorm((512,), eps=1e-05, elementwise_affine=True)
  (mlp): Sequential(
    (c_fc): Linear(in_features=512, out_features=2048, bias=True)
    (gelu): QuickGELU()
    (c_proj): Linear(in_features=2048, out_features=512, bias=True)
  )
  (ln_2): LayerNorm((512,), eps=1e-05, elementwise_affine=True)
)
Residual Attention Block 11: ResidualAttentionBlock(
  (attn): MultiheadAttention(
    (out_proj): NonDynamicallyQuantizableLinear(in_features=512, out_features=512, bias=True)
  )
  (ln_1): LayerNorm((512,), eps=1e-05, elementwise_affine=True)
  (mlp): Sequential(
    (c_fc): Linear(in_features=512, out_features=2048, bias=True)
    (gelu): QuickGELU()
    (c_proj): Linear(in_features=2048, out_features=512, bias=True)
  )
  (ln_2): LayerNorm((512,), eps=1e-05, elementwise_affine=True)
)
Residual Attention Block 0: ResidualAttentionBlock(
  (attn): MultiheadAttention(
    (out_proj): NonDynamicallyQuantizableLinear(in_features=768, out_features=768, bias=True)
  )
  (ln_1): LayerNorm((768,), eps=1e-05, elementwise_affine=True)
  (mlp): Sequential(
    (c_fc): Linear(in_features=768, out_features=3072, bias=True)
    (gelu): QuickGELU()
    (c_proj): Linear(in_features=3072, out_features=768, bias=True)
  )
  (ln_2): LayerNorm((768,), eps=1e-05, elementwise_affine=True)
)
Residual Attention Block 1: ResidualAttentionBlock(
  (attn): MultiheadAttention(
    (out_proj): NonDynamicallyQuantizableLinear(in_features=768, out_features=768, bias=True)
  )
  (ln_1): LayerNorm((768,), eps=1e-05, elementwise_affine=True)
  (mlp): Sequential(
    (c_fc): Linear(in_features=768, out_features=3072, bias=True)
    (gelu): QuickGELU()
    (c_proj): Linear(in_features=3072, out_features=768, bias=True)
  )
  (ln_2): LayerNorm((768,), eps=1e-05, elementwise_affine=True)
)
Residual Attention Block 2: ResidualAttentionBlock(
  (attn): MultiheadAttention(
    (out_proj): NonDynamicallyQuantizableLinear(in_features=768, out_features=768, bias=True)
  )
  (ln_1): LayerNorm((768,), eps=1e-05, elementwise_affine=True)
  (mlp): Sequential(
    (c_fc): Linear(in_features=768, out_features=3072, bias=True)
    (gelu): QuickGELU()
    (c_proj): Linear(in_features=3072, out_features=768, bias=True)
  )
  (ln_2): LayerNorm((768,), eps=1e-05, elementwise_affine=True)
)
Residual Attention Block 3: ResidualAttentionBlock(
  (attn): MultiheadAttention(
    (out_proj): NonDynamicallyQuantizableLinear(in_features=768, out_features=768, bias=True)
  )
  (ln_1): LayerNorm((768,), eps=1e-05, elementwise_affine=True)
  (mlp): Sequential(
    (c_fc): Linear(in_features=768, out_features=3072, bias=True)
    (gelu): QuickGELU()
    (c_proj): Linear(in_features=3072, out_features=768, bias=True)
  )
  (ln_2): LayerNorm((768,), eps=1e-05, elementwise_affine=True)
)
Residual Attention Block 4: ResidualAttentionBlock(
  (attn): MultiheadAttention(
    (out_proj): NonDynamicallyQuantizableLinear(in_features=768, out_features=768, bias=True)
  )
  (ln_1): LayerNorm((768,), eps=1e-05, elementwise_affine=True)
  (mlp): Sequential(
    (c_fc): Linear(in_features=768, out_features=3072, bias=True)
    (gelu): QuickGELU()
    (c_proj): Linear(in_features=3072, out_features=768, bias=True)
  )
  (ln_2): LayerNorm((768,), eps=1e-05, elementwise_affine=True)
)
Residual Attention Block 5: ResidualAttentionBlock(
  (attn): MultiheadAttention(
    (out_proj): NonDynamicallyQuantizableLinear(in_features=768, out_features=768, bias=True)
  )
  (ln_1): LayerNorm((768,), eps=1e-05, elementwise_affine=True)
  (mlp): Sequential(
    (c_fc): Linear(in_features=768, out_features=3072, bias=True)
    (gelu): QuickGELU()
    (c_proj): Linear(in_features=3072, out_features=768, bias=True)
  )
  (ln_2): LayerNorm((768,), eps=1e-05, elementwise_affine=True)
)
Residual Attention Block 6: ResidualAttentionBlock(
  (attn): MultiheadAttention(
    (out_proj): NonDynamicallyQuantizableLinear(in_features=768, out_features=768, bias=True)
  )
  (ln_1): LayerNorm((768,), eps=1e-05, elementwise_affine=True)
  (mlp): Sequential(
    (c_fc): Linear(in_features=768, out_features=3072, bias=True)
    (gelu): QuickGELU()
    (c_proj): Linear(in_features=3072, out_features=768, bias=True)
  )
  (ln_2): LayerNorm((768,), eps=1e-05, elementwise_affine=True)
)
Residual Attention Block 7: ResidualAttentionBlock(
  (attn): MultiheadAttention(
    (out_proj): NonDynamicallyQuantizableLinear(in_features=768, out_features=768, bias=True)
  )
  (ln_1): LayerNorm((768,), eps=1e-05, elementwise_affine=True)
  (mlp): Sequential(
    (c_fc): Linear(in_features=768, out_features=3072, bias=True)
    (gelu): QuickGELU()
    (c_proj): Linear(in_features=3072, out_features=768, bias=True)
  )
  (ln_2): LayerNorm((768,), eps=1e-05, elementwise_affine=True)
)
Residual Attention Block 8: ResidualAttentionBlock(
  (attn): MultiheadAttention(
    (out_proj): NonDynamicallyQuantizableLinear(in_features=768, out_features=768, bias=True)
  )
  (ln_1): LayerNorm((768,), eps=1e-05, elementwise_affine=True)
  (mlp): Sequential(
    (c_fc): Linear(in_features=768, out_features=3072, bias=True)
    (gelu): QuickGELU()
    (c_proj): Linear(in_features=3072, out_features=768, bias=True)
  )
  (ln_2): LayerNorm((768,), eps=1e-05, elementwise_affine=True)
)
Residual Attention Block 9: ResidualAttentionBlock(
  (attn): MultiheadAttention(
    (out_proj): NonDynamicallyQuantizableLinear(in_features=768, out_features=768, bias=True)
  )
  (ln_1): LayerNorm((768,), eps=1e-05, elementwise_affine=True)
  (mlp): Sequential(
    (c_fc): Linear(in_features=768, out_features=3072, bias=True)
    (gelu): QuickGELU()
    (c_proj): Linear(in_features=3072, out_features=768, bias=True)
  )
  (ln_2): LayerNorm((768,), eps=1e-05, elementwise_affine=True)
)
Residual Attention Block 10: ResidualAttentionBlock(
  (attn): MultiheadAttention(
    (out_proj): NonDynamicallyQuantizableLinear(in_features=768, out_features=768, bias=True)
  )
  (ln_1): LayerNorm((768,), eps=1e-05, elementwise_affine=True)
  (mlp): Sequential(
    (c_fc): Linear(in_features=768, out_features=3072, bias=True)
    (gelu): QuickGELU()
    (c_proj): Linear(in_features=3072, out_features=768, bias=True)
  )
  (ln_2): LayerNorm((768,), eps=1e-05, elementwise_affine=True)
)
Residual Attention Block 11: ResidualAttentionBlock(
  (attn): MultiheadAttention(
    (out_proj): NonDynamicallyQuantizableLinear(in_features=768, out_features=768, bias=True)
  )
  (ln_1): LayerNorm((768,), eps=1e-05, elementwise_affine=True)
  (mlp): Sequential(
    (c_fc): Linear(in_features=768, out_features=3072, bias=True)
    (gelu): QuickGELU()
    (c_proj): Linear(in_features=3072, out_features=768, bias=True)
  )
  (ln_2): LayerNorm((768,), eps=1e-05, elementwise_affine=True)
)
Trainable parameters: ['visual.transformer.resblocks.0.attn.q_proj.router.gate.weight', 'visual.transformer.resblocks.0.attn.q_proj.experts.0.w_lora_A', 'visual.transformer.resblocks.0.attn.q_proj.experts.0.w_lora_B', 'visual.transformer.resblocks.0.attn.q_proj.experts.1.w_lora_A', 'visual.transformer.resblocks.0.attn.q_proj.experts.1.w_lora_B', 'visual.transformer.resblocks.0.attn.k_proj.router.gate.weight', 'visual.transformer.resblocks.0.attn.k_proj.experts.0.w_lora_A', 'visual.transformer.resblocks.0.attn.k_proj.experts.0.w_lora_B', 'visual.transformer.resblocks.0.attn.k_proj.experts.1.w_lora_A', 'visual.transformer.resblocks.0.attn.k_proj.experts.1.w_lora_B', 'visual.transformer.resblocks.0.attn.v_proj.router.gate.weight', 'visual.transformer.resblocks.0.attn.v_proj.experts.0.w_lora_A', 'visual.transformer.resblocks.0.attn.v_proj.experts.0.w_lora_B', 'visual.transformer.resblocks.0.attn.v_proj.experts.1.w_lora_A', 'visual.transformer.resblocks.0.attn.v_proj.experts.1.w_lora_B', 'visual.transformer.resblocks.1.attn.q_proj.router.gate.weight', 'visual.transformer.resblocks.1.attn.q_proj.experts.0.w_lora_A', 'visual.transformer.resblocks.1.attn.q_proj.experts.0.w_lora_B', 'visual.transformer.resblocks.1.attn.q_proj.experts.1.w_lora_A', 'visual.transformer.resblocks.1.attn.q_proj.experts.1.w_lora_B', 'visual.transformer.resblocks.1.attn.k_proj.router.gate.weight', 'visual.transformer.resblocks.1.attn.k_proj.experts.0.w_lora_A', 'visual.transformer.resblocks.1.attn.k_proj.experts.0.w_lora_B', 'visual.transformer.resblocks.1.attn.k_proj.experts.1.w_lora_A', 'visual.transformer.resblocks.1.attn.k_proj.experts.1.w_lora_B', 'visual.transformer.resblocks.1.attn.v_proj.router.gate.weight', 'visual.transformer.resblocks.1.attn.v_proj.experts.0.w_lora_A', 'visual.transformer.resblocks.1.attn.v_proj.experts.0.w_lora_B', 'visual.transformer.resblocks.1.attn.v_proj.experts.1.w_lora_A', 'visual.transformer.resblocks.1.attn.v_proj.experts.1.w_lora_B', 'visual.transformer.resblocks.2.attn.q_proj.router.gate.weight', 'visual.transformer.resblocks.2.attn.q_proj.experts.0.w_lora_A', 'visual.transformer.resblocks.2.attn.q_proj.experts.0.w_lora_B', 'visual.transformer.resblocks.2.attn.q_proj.experts.1.w_lora_A', 'visual.transformer.resblocks.2.attn.q_proj.experts.1.w_lora_B', 'visual.transformer.resblocks.2.attn.k_proj.router.gate.weight', 'visual.transformer.resblocks.2.attn.k_proj.experts.0.w_lora_A', 'visual.transformer.resblocks.2.attn.k_proj.experts.0.w_lora_B', 'visual.transformer.resblocks.2.attn.k_proj.experts.1.w_lora_A', 'visual.transformer.resblocks.2.attn.k_proj.experts.1.w_lora_B', 'visual.transformer.resblocks.2.attn.v_proj.router.gate.weight', 'visual.transformer.resblocks.2.attn.v_proj.experts.0.w_lora_A', 'visual.transformer.resblocks.2.attn.v_proj.experts.0.w_lora_B', 'visual.transformer.resblocks.2.attn.v_proj.experts.1.w_lora_A', 'visual.transformer.resblocks.2.attn.v_proj.experts.1.w_lora_B', 'visual.transformer.resblocks.3.attn.q_proj.router.gate.weight', 'visual.transformer.resblocks.3.attn.q_proj.experts.0.w_lora_A', 'visual.transformer.resblocks.3.attn.q_proj.experts.0.w_lora_B', 'visual.transformer.resblocks.3.attn.q_proj.experts.1.w_lora_A', 'visual.transformer.resblocks.3.attn.q_proj.experts.1.w_lora_B', 'visual.transformer.resblocks.3.attn.k_proj.router.gate.weight', 'visual.transformer.resblocks.3.attn.k_proj.experts.0.w_lora_A', 'visual.transformer.resblocks.3.attn.k_proj.experts.0.w_lora_B', 'visual.transformer.resblocks.3.attn.k_proj.experts.1.w_lora_A', 'visual.transformer.resblocks.3.attn.k_proj.experts.1.w_lora_B', 'visual.transformer.resblocks.3.attn.v_proj.router.gate.weight', 'visual.transformer.resblocks.3.attn.v_proj.experts.0.w_lora_A', 'visual.transformer.resblocks.3.attn.v_proj.experts.0.w_lora_B', 'visual.transformer.resblocks.3.attn.v_proj.experts.1.w_lora_A', 'visual.transformer.resblocks.3.attn.v_proj.experts.1.w_lora_B', 'visual.transformer.resblocks.4.attn.q_proj.router.gate.weight', 'visual.transformer.resblocks.4.attn.q_proj.experts.0.w_lora_A', 'visual.transformer.resblocks.4.attn.q_proj.experts.0.w_lora_B', 'visual.transformer.resblocks.4.attn.q_proj.experts.1.w_lora_A', 'visual.transformer.resblocks.4.attn.q_proj.experts.1.w_lora_B', 'visual.transformer.resblocks.4.attn.k_proj.router.gate.weight', 'visual.transformer.resblocks.4.attn.k_proj.experts.0.w_lora_A', 'visual.transformer.resblocks.4.attn.k_proj.experts.0.w_lora_B', 'visual.transformer.resblocks.4.attn.k_proj.experts.1.w_lora_A', 'visual.transformer.resblocks.4.attn.k_proj.experts.1.w_lora_B', 'visual.transformer.resblocks.4.attn.v_proj.router.gate.weight', 'visual.transformer.resblocks.4.attn.v_proj.experts.0.w_lora_A', 'visual.transformer.resblocks.4.attn.v_proj.experts.0.w_lora_B', 'visual.transformer.resblocks.4.attn.v_proj.experts.1.w_lora_A', 'visual.transformer.resblocks.4.attn.v_proj.experts.1.w_lora_B', 'visual.transformer.resblocks.5.attn.q_proj.router.gate.weight', 'visual.transformer.resblocks.5.attn.q_proj.experts.0.w_lora_A', 'visual.transformer.resblocks.5.attn.q_proj.experts.0.w_lora_B', 'visual.transformer.resblocks.5.attn.q_proj.experts.1.w_lora_A', 'visual.transformer.resblocks.5.attn.q_proj.experts.1.w_lora_B', 'visual.transformer.resblocks.5.attn.k_proj.router.gate.weight', 'visual.transformer.resblocks.5.attn.k_proj.experts.0.w_lora_A', 'visual.transformer.resblocks.5.attn.k_proj.experts.0.w_lora_B', 'visual.transformer.resblocks.5.attn.k_proj.experts.1.w_lora_A', 'visual.transformer.resblocks.5.attn.k_proj.experts.1.w_lora_B', 'visual.transformer.resblocks.5.attn.v_proj.router.gate.weight', 'visual.transformer.resblocks.5.attn.v_proj.experts.0.w_lora_A', 'visual.transformer.resblocks.5.attn.v_proj.experts.0.w_lora_B', 'visual.transformer.resblocks.5.attn.v_proj.experts.1.w_lora_A', 'visual.transformer.resblocks.5.attn.v_proj.experts.1.w_lora_B', 'visual.transformer.resblocks.6.attn.q_proj.router.gate.weight', 'visual.transformer.resblocks.6.attn.q_proj.experts.0.w_lora_A', 'visual.transformer.resblocks.6.attn.q_proj.experts.0.w_lora_B', 'visual.transformer.resblocks.6.attn.q_proj.experts.1.w_lora_A', 'visual.transformer.resblocks.6.attn.q_proj.experts.1.w_lora_B', 'visual.transformer.resblocks.6.attn.k_proj.router.gate.weight', 'visual.transformer.resblocks.6.attn.k_proj.experts.0.w_lora_A', 'visual.transformer.resblocks.6.attn.k_proj.experts.0.w_lora_B', 'visual.transformer.resblocks.6.attn.k_proj.experts.1.w_lora_A', 'visual.transformer.resblocks.6.attn.k_proj.experts.1.w_lora_B', 'visual.transformer.resblocks.6.attn.v_proj.router.gate.weight', 'visual.transformer.resblocks.6.attn.v_proj.experts.0.w_lora_A', 'visual.transformer.resblocks.6.attn.v_proj.experts.0.w_lora_B', 'visual.transformer.resblocks.6.attn.v_proj.experts.1.w_lora_A', 'visual.transformer.resblocks.6.attn.v_proj.experts.1.w_lora_B', 'visual.transformer.resblocks.7.attn.q_proj.router.gate.weight', 'visual.transformer.resblocks.7.attn.q_proj.experts.0.w_lora_A', 'visual.transformer.resblocks.7.attn.q_proj.experts.0.w_lora_B', 'visual.transformer.resblocks.7.attn.q_proj.experts.1.w_lora_A', 'visual.transformer.resblocks.7.attn.q_proj.experts.1.w_lora_B', 'visual.transformer.resblocks.7.attn.k_proj.router.gate.weight', 'visual.transformer.resblocks.7.attn.k_proj.experts.0.w_lora_A', 'visual.transformer.resblocks.7.attn.k_proj.experts.0.w_lora_B', 'visual.transformer.resblocks.7.attn.k_proj.experts.1.w_lora_A', 'visual.transformer.resblocks.7.attn.k_proj.experts.1.w_lora_B', 'visual.transformer.resblocks.7.attn.v_proj.router.gate.weight', 'visual.transformer.resblocks.7.attn.v_proj.experts.0.w_lora_A', 'visual.transformer.resblocks.7.attn.v_proj.experts.0.w_lora_B', 'visual.transformer.resblocks.7.attn.v_proj.experts.1.w_lora_A', 'visual.transformer.resblocks.7.attn.v_proj.experts.1.w_lora_B', 'visual.transformer.resblocks.8.attn.q_proj.router.gate.weight', 'visual.transformer.resblocks.8.attn.q_proj.experts.0.w_lora_A', 'visual.transformer.resblocks.8.attn.q_proj.experts.0.w_lora_B', 'visual.transformer.resblocks.8.attn.q_proj.experts.1.w_lora_A', 'visual.transformer.resblocks.8.attn.q_proj.experts.1.w_lora_B', 'visual.transformer.resblocks.8.attn.k_proj.router.gate.weight', 'visual.transformer.resblocks.8.attn.k_proj.experts.0.w_lora_A', 'visual.transformer.resblocks.8.attn.k_proj.experts.0.w_lora_B', 'visual.transformer.resblocks.8.attn.k_proj.experts.1.w_lora_A', 'visual.transformer.resblocks.8.attn.k_proj.experts.1.w_lora_B', 'visual.transformer.resblocks.8.attn.v_proj.router.gate.weight', 'visual.transformer.resblocks.8.attn.v_proj.experts.0.w_lora_A', 'visual.transformer.resblocks.8.attn.v_proj.experts.0.w_lora_B', 'visual.transformer.resblocks.8.attn.v_proj.experts.1.w_lora_A', 'visual.transformer.resblocks.8.attn.v_proj.experts.1.w_lora_B', 'visual.transformer.resblocks.9.attn.q_proj.router.gate.weight', 'visual.transformer.resblocks.9.attn.q_proj.experts.0.w_lora_A', 'visual.transformer.resblocks.9.attn.q_proj.experts.0.w_lora_B', 'visual.transformer.resblocks.9.attn.q_proj.experts.1.w_lora_A', 'visual.transformer.resblocks.9.attn.q_proj.experts.1.w_lora_B', 'visual.transformer.resblocks.9.attn.k_proj.router.gate.weight', 'visual.transformer.resblocks.9.attn.k_proj.experts.0.w_lora_A', 'visual.transformer.resblocks.9.attn.k_proj.experts.0.w_lora_B', 'visual.transformer.resblocks.9.attn.k_proj.experts.1.w_lora_A', 'visual.transformer.resblocks.9.attn.k_proj.experts.1.w_lora_B', 'visual.transformer.resblocks.9.attn.v_proj.router.gate.weight', 'visual.transformer.resblocks.9.attn.v_proj.experts.0.w_lora_A', 'visual.transformer.resblocks.9.attn.v_proj.experts.0.w_lora_B', 'visual.transformer.resblocks.9.attn.v_proj.experts.1.w_lora_A', 'visual.transformer.resblocks.9.attn.v_proj.experts.1.w_lora_B', 'visual.transformer.resblocks.10.attn.q_proj.router.gate.weight', 'visual.transformer.resblocks.10.attn.q_proj.experts.0.w_lora_A', 'visual.transformer.resblocks.10.attn.q_proj.experts.0.w_lora_B', 'visual.transformer.resblocks.10.attn.q_proj.experts.1.w_lora_A', 'visual.transformer.resblocks.10.attn.q_proj.experts.1.w_lora_B', 'visual.transformer.resblocks.10.attn.k_proj.router.gate.weight', 'visual.transformer.resblocks.10.attn.k_proj.experts.0.w_lora_A', 'visual.transformer.resblocks.10.attn.k_proj.experts.0.w_lora_B', 'visual.transformer.resblocks.10.attn.k_proj.experts.1.w_lora_A', 'visual.transformer.resblocks.10.attn.k_proj.experts.1.w_lora_B', 'visual.transformer.resblocks.10.attn.v_proj.router.gate.weight', 'visual.transformer.resblocks.10.attn.v_proj.experts.0.w_lora_A', 'visual.transformer.resblocks.10.attn.v_proj.experts.0.w_lora_B', 'visual.transformer.resblocks.10.attn.v_proj.experts.1.w_lora_A', 'visual.transformer.resblocks.10.attn.v_proj.experts.1.w_lora_B', 'visual.transformer.resblocks.11.attn.q_proj.router.gate.weight', 'visual.transformer.resblocks.11.attn.q_proj.experts.0.w_lora_A', 'visual.transformer.resblocks.11.attn.q_proj.experts.0.w_lora_B', 'visual.transformer.resblocks.11.attn.q_proj.experts.1.w_lora_A', 'visual.transformer.resblocks.11.attn.q_proj.experts.1.w_lora_B', 'visual.transformer.resblocks.11.attn.k_proj.router.gate.weight', 'visual.transformer.resblocks.11.attn.k_proj.experts.0.w_lora_A', 'visual.transformer.resblocks.11.attn.k_proj.experts.0.w_lora_B', 'visual.transformer.resblocks.11.attn.k_proj.experts.1.w_lora_A', 'visual.transformer.resblocks.11.attn.k_proj.experts.1.w_lora_B', 'visual.transformer.resblocks.11.attn.v_proj.router.gate.weight', 'visual.transformer.resblocks.11.attn.v_proj.experts.0.w_lora_A', 'visual.transformer.resblocks.11.attn.v_proj.experts.0.w_lora_B', 'visual.transformer.resblocks.11.attn.v_proj.experts.1.w_lora_A', 'visual.transformer.resblocks.11.attn.v_proj.experts.1.w_lora_B', 'transformer.resblocks.0.attn.q_proj.router.gate.weight', 'transformer.resblocks.0.attn.q_proj.experts.0.w_lora_A', 'transformer.resblocks.0.attn.q_proj.experts.0.w_lora_B', 'transformer.resblocks.0.attn.q_proj.experts.1.w_lora_A', 'transformer.resblocks.0.attn.q_proj.experts.1.w_lora_B', 'transformer.resblocks.0.attn.k_proj.router.gate.weight', 'transformer.resblocks.0.attn.k_proj.experts.0.w_lora_A', 'transformer.resblocks.0.attn.k_proj.experts.0.w_lora_B', 'transformer.resblocks.0.attn.k_proj.experts.1.w_lora_A', 'transformer.resblocks.0.attn.k_proj.experts.1.w_lora_B', 'transformer.resblocks.0.attn.v_proj.router.gate.weight', 'transformer.resblocks.0.attn.v_proj.experts.0.w_lora_A', 'transformer.resblocks.0.attn.v_proj.experts.0.w_lora_B', 'transformer.resblocks.0.attn.v_proj.experts.1.w_lora_A', 'transformer.resblocks.0.attn.v_proj.experts.1.w_lora_B', 'transformer.resblocks.1.attn.q_proj.router.gate.weight', 'transformer.resblocks.1.attn.q_proj.experts.0.w_lora_A', 'transformer.resblocks.1.attn.q_proj.experts.0.w_lora_B', 'transformer.resblocks.1.attn.q_proj.experts.1.w_lora_A', 'transformer.resblocks.1.attn.q_proj.experts.1.w_lora_B', 'transformer.resblocks.1.attn.k_proj.router.gate.weight', 'transformer.resblocks.1.attn.k_proj.experts.0.w_lora_A', 'transformer.resblocks.1.attn.k_proj.experts.0.w_lora_B', 'transformer.resblocks.1.attn.k_proj.experts.1.w_lora_A', 'transformer.resblocks.1.attn.k_proj.experts.1.w_lora_B', 'transformer.resblocks.1.attn.v_proj.router.gate.weight', 'transformer.resblocks.1.attn.v_proj.experts.0.w_lora_A', 'transformer.resblocks.1.attn.v_proj.experts.0.w_lora_B', 'transformer.resblocks.1.attn.v_proj.experts.1.w_lora_A', 'transformer.resblocks.1.attn.v_proj.experts.1.w_lora_B', 'transformer.resblocks.2.attn.q_proj.router.gate.weight', 'transformer.resblocks.2.attn.q_proj.experts.0.w_lora_A', 'transformer.resblocks.2.attn.q_proj.experts.0.w_lora_B', 'transformer.resblocks.2.attn.q_proj.experts.1.w_lora_A', 'transformer.resblocks.2.attn.q_proj.experts.1.w_lora_B', 'transformer.resblocks.2.attn.k_proj.router.gate.weight', 'transformer.resblocks.2.attn.k_proj.experts.0.w_lora_A', 'transformer.resblocks.2.attn.k_proj.experts.0.w_lora_B', 'transformer.resblocks.2.attn.k_proj.experts.1.w_lora_A', 'transformer.resblocks.2.attn.k_proj.experts.1.w_lora_B', 'transformer.resblocks.2.attn.v_proj.router.gate.weight', 'transformer.resblocks.2.attn.v_proj.experts.0.w_lora_A', 'transformer.resblocks.2.attn.v_proj.experts.0.w_lora_B', 'transformer.resblocks.2.attn.v_proj.experts.1.w_lora_A', 'transformer.resblocks.2.attn.v_proj.experts.1.w_lora_B', 'transformer.resblocks.3.attn.q_proj.router.gate.weight', 'transformer.resblocks.3.attn.q_proj.experts.0.w_lora_A', 'transformer.resblocks.3.attn.q_proj.experts.0.w_lora_B', 'transformer.resblocks.3.attn.q_proj.experts.1.w_lora_A', 'transformer.resblocks.3.attn.q_proj.experts.1.w_lora_B', 'transformer.resblocks.3.attn.k_proj.router.gate.weight', 'transformer.resblocks.3.attn.k_proj.experts.0.w_lora_A', 'transformer.resblocks.3.attn.k_proj.experts.0.w_lora_B', 'transformer.resblocks.3.attn.k_proj.experts.1.w_lora_A', 'transformer.resblocks.3.attn.k_proj.experts.1.w_lora_B', 'transformer.resblocks.3.attn.v_proj.router.gate.weight', 'transformer.resblocks.3.attn.v_proj.experts.0.w_lora_A', 'transformer.resblocks.3.attn.v_proj.experts.0.w_lora_B', 'transformer.resblocks.3.attn.v_proj.experts.1.w_lora_A', 'transformer.resblocks.3.attn.v_proj.experts.1.w_lora_B', 'transformer.resblocks.4.attn.q_proj.router.gate.weight', 'transformer.resblocks.4.attn.q_proj.experts.0.w_lora_A', 'transformer.resblocks.4.attn.q_proj.experts.0.w_lora_B', 'transformer.resblocks.4.attn.q_proj.experts.1.w_lora_A', 'transformer.resblocks.4.attn.q_proj.experts.1.w_lora_B', 'transformer.resblocks.4.attn.k_proj.router.gate.weight', 'transformer.resblocks.4.attn.k_proj.experts.0.w_lora_A', 'transformer.resblocks.4.attn.k_proj.experts.0.w_lora_B', 'transformer.resblocks.4.attn.k_proj.experts.1.w_lora_A', 'transformer.resblocks.4.attn.k_proj.experts.1.w_lora_B', 'transformer.resblocks.4.attn.v_proj.router.gate.weight', 'transformer.resblocks.4.attn.v_proj.experts.0.w_lora_A', 'transformer.resblocks.4.attn.v_proj.experts.0.w_lora_B', 'transformer.resblocks.4.attn.v_proj.experts.1.w_lora_A', 'transformer.resblocks.4.attn.v_proj.experts.1.w_lora_B', 'transformer.resblocks.5.attn.q_proj.router.gate.weight', 'transformer.resblocks.5.attn.q_proj.experts.0.w_lora_A', 'transformer.resblocks.5.attn.q_proj.experts.0.w_lora_B', 'transformer.resblocks.5.attn.q_proj.experts.1.w_lora_A', 'transformer.resblocks.5.attn.q_proj.experts.1.w_lora_B', 'transformer.resblocks.5.attn.k_proj.router.gate.weight', 'transformer.resblocks.5.attn.k_proj.experts.0.w_lora_A', 'transformer.resblocks.5.attn.k_proj.experts.0.w_lora_B', 'transformer.resblocks.5.attn.k_proj.experts.1.w_lora_A', 'transformer.resblocks.5.attn.k_proj.experts.1.w_lora_B', 'transformer.resblocks.5.attn.v_proj.router.gate.weight', 'transformer.resblocks.5.attn.v_proj.experts.0.w_lora_A', 'transformer.resblocks.5.attn.v_proj.experts.0.w_lora_B', 'transformer.resblocks.5.attn.v_proj.experts.1.w_lora_A', 'transformer.resblocks.5.attn.v_proj.experts.1.w_lora_B', 'transformer.resblocks.6.attn.q_proj.router.gate.weight', 'transformer.resblocks.6.attn.q_proj.experts.0.w_lora_A', 'transformer.resblocks.6.attn.q_proj.experts.0.w_lora_B', 'transformer.resblocks.6.attn.q_proj.experts.1.w_lora_A', 'transformer.resblocks.6.attn.q_proj.experts.1.w_lora_B', 'transformer.resblocks.6.attn.k_proj.router.gate.weight', 'transformer.resblocks.6.attn.k_proj.experts.0.w_lora_A', 'transformer.resblocks.6.attn.k_proj.experts.0.w_lora_B', 'transformer.resblocks.6.attn.k_proj.experts.1.w_lora_A', 'transformer.resblocks.6.attn.k_proj.experts.1.w_lora_B', 'transformer.resblocks.6.attn.v_proj.router.gate.weight', 'transformer.resblocks.6.attn.v_proj.experts.0.w_lora_A', 'transformer.resblocks.6.attn.v_proj.experts.0.w_lora_B', 'transformer.resblocks.6.attn.v_proj.experts.1.w_lora_A', 'transformer.resblocks.6.attn.v_proj.experts.1.w_lora_B', 'transformer.resblocks.7.attn.q_proj.router.gate.weight', 'transformer.resblocks.7.attn.q_proj.experts.0.w_lora_A', 'transformer.resblocks.7.attn.q_proj.experts.0.w_lora_B', 'transformer.resblocks.7.attn.q_proj.experts.1.w_lora_A', 'transformer.resblocks.7.attn.q_proj.experts.1.w_lora_B', 'transformer.resblocks.7.attn.k_proj.router.gate.weight', 'transformer.resblocks.7.attn.k_proj.experts.0.w_lora_A', 'transformer.resblocks.7.attn.k_proj.experts.0.w_lora_B', 'transformer.resblocks.7.attn.k_proj.experts.1.w_lora_A', 'transformer.resblocks.7.attn.k_proj.experts.1.w_lora_B', 'transformer.resblocks.7.attn.v_proj.router.gate.weight', 'transformer.resblocks.7.attn.v_proj.experts.0.w_lora_A', 'transformer.resblocks.7.attn.v_proj.experts.0.w_lora_B', 'transformer.resblocks.7.attn.v_proj.experts.1.w_lora_A', 'transformer.resblocks.7.attn.v_proj.experts.1.w_lora_B', 'transformer.resblocks.8.attn.q_proj.router.gate.weight', 'transformer.resblocks.8.attn.q_proj.experts.0.w_lora_A', 'transformer.resblocks.8.attn.q_proj.experts.0.w_lora_B', 'transformer.resblocks.8.attn.q_proj.experts.1.w_lora_A', 'transformer.resblocks.8.attn.q_proj.experts.1.w_lora_B', 'transformer.resblocks.8.attn.k_proj.router.gate.weight', 'transformer.resblocks.8.attn.k_proj.experts.0.w_lora_A', 'transformer.resblocks.8.attn.k_proj.experts.0.w_lora_B', 'transformer.resblocks.8.attn.k_proj.experts.1.w_lora_A', 'transformer.resblocks.8.attn.k_proj.experts.1.w_lora_B', 'transformer.resblocks.8.attn.v_proj.router.gate.weight', 'transformer.resblocks.8.attn.v_proj.experts.0.w_lora_A', 'transformer.resblocks.8.attn.v_proj.experts.0.w_lora_B', 'transformer.resblocks.8.attn.v_proj.experts.1.w_lora_A', 'transformer.resblocks.8.attn.v_proj.experts.1.w_lora_B', 'transformer.resblocks.9.attn.q_proj.router.gate.weight', 'transformer.resblocks.9.attn.q_proj.experts.0.w_lora_A', 'transformer.resblocks.9.attn.q_proj.experts.0.w_lora_B', 'transformer.resblocks.9.attn.q_proj.experts.1.w_lora_A', 'transformer.resblocks.9.attn.q_proj.experts.1.w_lora_B', 'transformer.resblocks.9.attn.k_proj.router.gate.weight', 'transformer.resblocks.9.attn.k_proj.experts.0.w_lora_A', 'transformer.resblocks.9.attn.k_proj.experts.0.w_lora_B', 'transformer.resblocks.9.attn.k_proj.experts.1.w_lora_A', 'transformer.resblocks.9.attn.k_proj.experts.1.w_lora_B', 'transformer.resblocks.9.attn.v_proj.router.gate.weight', 'transformer.resblocks.9.attn.v_proj.experts.0.w_lora_A', 'transformer.resblocks.9.attn.v_proj.experts.0.w_lora_B', 'transformer.resblocks.9.attn.v_proj.experts.1.w_lora_A', 'transformer.resblocks.9.attn.v_proj.experts.1.w_lora_B', 'transformer.resblocks.10.attn.q_proj.router.gate.weight', 'transformer.resblocks.10.attn.q_proj.experts.0.w_lora_A', 'transformer.resblocks.10.attn.q_proj.experts.0.w_lora_B', 'transformer.resblocks.10.attn.q_proj.experts.1.w_lora_A', 'transformer.resblocks.10.attn.q_proj.experts.1.w_lora_B', 'transformer.resblocks.10.attn.k_proj.router.gate.weight', 'transformer.resblocks.10.attn.k_proj.experts.0.w_lora_A', 'transformer.resblocks.10.attn.k_proj.experts.0.w_lora_B', 'transformer.resblocks.10.attn.k_proj.experts.1.w_lora_A', 'transformer.resblocks.10.attn.k_proj.experts.1.w_lora_B', 'transformer.resblocks.10.attn.v_proj.router.gate.weight', 'transformer.resblocks.10.attn.v_proj.experts.0.w_lora_A', 'transformer.resblocks.10.attn.v_proj.experts.0.w_lora_B', 'transformer.resblocks.10.attn.v_proj.experts.1.w_lora_A', 'transformer.resblocks.10.attn.v_proj.experts.1.w_lora_B', 'transformer.resblocks.11.attn.q_proj.router.gate.weight', 'transformer.resblocks.11.attn.q_proj.experts.0.w_lora_A', 'transformer.resblocks.11.attn.q_proj.experts.0.w_lora_B', 'transformer.resblocks.11.attn.q_proj.experts.1.w_lora_A', 'transformer.resblocks.11.attn.q_proj.experts.1.w_lora_B', 'transformer.resblocks.11.attn.k_proj.router.gate.weight', 'transformer.resblocks.11.attn.k_proj.experts.0.w_lora_A', 'transformer.resblocks.11.attn.k_proj.experts.0.w_lora_B', 'transformer.resblocks.11.attn.k_proj.experts.1.w_lora_A', 'transformer.resblocks.11.attn.k_proj.experts.1.w_lora_B', 'transformer.resblocks.11.attn.v_proj.router.gate.weight', 'transformer.resblocks.11.attn.v_proj.experts.0.w_lora_A', 'transformer.resblocks.11.attn.v_proj.experts.0.w_lora_B', 'transformer.resblocks.11.attn.v_proj.experts.1.w_lora_A', 'transformer.resblocks.11.attn.v_proj.experts.1.w_lora_B']
LR: 0.000200, Acc: 74.4932, Loss: 0.9340
LR: 0.000200, Acc: 76.6892, Loss: 0.7477
LR: 0.000200, Acc: 79.2230, Loss: 0.6052
LR: 0.000200, Acc: 82.9392, Loss: 0.5804
LR: 0.000200, Acc: 82.6014, Loss: 0.5475
LR: 0.000200, Acc: 81.2500, Loss: 0.5776
LR: 0.000200, Acc: 85.9797, Loss: 0.4590
LR: 0.000200, Acc: 83.4459, Loss: 0.5133
LR: 0.000200, Acc: 86.8243, Loss: 0.4191
LR: 0.000200, Acc: 85.8108, Loss: 0.4565
LR: 0.000200, Acc: 87.6689, Loss: 0.3949
LR: 0.000200, Acc: 88.1757, Loss: 0.3817
LR: 0.000200, Acc: 86.6554, Loss: 0.4211
LR: 0.000199, Acc: 89.8649, Loss: 0.3489
LR: 0.000199, Acc: 89.0203, Loss: 0.3797
LR: 0.000199, Acc: 90.8784, Loss: 0.3137
LR: 0.000199, Acc: 91.5541, Loss: 0.3080
LR: 0.000199, Acc: 90.3716, Loss: 0.3341
LR: 0.000199, Acc: 89.5270, Loss: 0.3188
LR: 0.000199, Acc: 88.8514, Loss: 0.3347
LR: 0.000199, Acc: 91.0473, Loss: 0.3359
LR: 0.000199, Acc: 92.0608, Loss: 0.2387
LR: 0.000199, Acc: 91.5541, Loss: 0.2803
LR: 0.000198, Acc: 93.0743, Loss: 0.2667
LR: 0.000198, Acc: 91.7230, Loss: 0.2822
LR: 0.000198, Acc: 90.7095, Loss: 0.3126
LR: 0.000198, Acc: 91.8919, Loss: 0.2818
LR: 0.000198, Acc: 91.7230, Loss: 0.2562
LR: 0.000198, Acc: 93.7500, Loss: 0.2134
LR: 0.000198, Acc: 93.2432, Loss: 0.2116
LR: 0.000197, Acc: 92.5676, Loss: 0.2831
LR: 0.000197, Acc: 90.7095, Loss: 0.2608
LR: 0.000197, Acc: 92.9054, Loss: 0.2144
LR: 0.000197, Acc: 93.4122, Loss: 0.2267
LR: 0.000197, Acc: 92.5676, Loss: 0.2685
LR: 0.000196, Acc: 93.0743, Loss: 0.2438
LR: 0.000196, Acc: 93.4122, Loss: 0.2338
LR: 0.000196, Acc: 92.7365, Loss: 0.2465
LR: 0.000196, Acc: 92.9054, Loss: 0.2511
LR: 0.000196, Acc: 93.7500, Loss: 0.2031
LR: 0.000195, Acc: 95.4392, Loss: 0.1538
LR: 0.000195, Acc: 94.0878, Loss: 0.1810
LR: 0.000195, Acc: 93.7500, Loss: 0.2101
LR: 0.000195, Acc: 92.3986, Loss: 0.2883
LR: 0.000194, Acc: 93.5811, Loss: 0.2376
LR: 0.000194, Acc: 96.6216, Loss: 0.1276
LR: 0.000194, Acc: 94.7635, Loss: 0.1645
LR: 0.000194, Acc: 94.7635, Loss: 0.1846
LR: 0.000193, Acc: 92.0608, Loss: 0.2583
LR: 0.000193, Acc: 95.2703, Loss: 0.1477
LR: 0.000193, Acc: 95.1014, Loss: 0.1629
LR: 0.000193, Acc: 95.1014, Loss: 0.1860
LR: 0.000192, Acc: 94.9324, Loss: 0.1810
LR: 0.000192, Acc: 94.4257, Loss: 0.1895
LR: 0.000192, Acc: 94.5946, Loss: 0.1814
LR: 0.000191, Acc: 94.4257, Loss: 0.2184
LR: 0.000191, Acc: 96.1149, Loss: 0.1576
LR: 0.000191, Acc: 94.9324, Loss: 0.1776
LR: 0.000191, Acc: 96.1149, Loss: 0.1693
LR: 0.000190, Acc: 93.7500, Loss: 0.2187
LR: 0.000190, Acc: 95.1014, Loss: 0.1778
LR: 0.000190, Acc: 94.9324, Loss: 0.1508
LR: 0.000189, Acc: 95.7770, Loss: 0.1315
LR: 0.000189, Acc: 94.4257, Loss: 0.1763
LR: 0.000189, Acc: 96.1149, Loss: 0.1386
LR: 0.000188, Acc: 95.1014, Loss: 0.1916
LR: 0.000188, Acc: 95.2703, Loss: 0.1730
LR: 0.000187, Acc: 96.1149, Loss: 0.1300
LR: 0.000187, Acc: 94.4257, Loss: 0.2037
LR: 0.000187, Acc: 95.1014, Loss: 0.1606
LR: 0.000186, Acc: 94.9324, Loss: 0.1535
LR: 0.000186, Acc: 95.7770, Loss: 0.1641
LR: 0.000186, Acc: 95.7770, Loss: 0.1217
LR: 0.000185, Acc: 95.1014, Loss: 0.1742
LR: 0.000185, Acc: 94.4257, Loss: 0.1890
LR: 0.000184, Acc: 96.6216, Loss: 0.1540
LR: 0.000184, Acc: 94.2568, Loss: 0.1548
LR: 0.000184, Acc: 95.7770, Loss: 0.1229
LR: 0.000183, Acc: 96.9595, Loss: 0.1149
LR: 0.000183, Acc: 95.7770, Loss: 0.1493
LR: 0.000182, Acc: 96.2838, Loss: 0.1205
LR: 0.000182, Acc: 95.4392, Loss: 0.1508
LR: 0.000182, Acc: 95.6081, Loss: 0.1291
LR: 0.000181, Acc: 96.4527, Loss: 0.1192
LR: 0.000181, Acc: 97.2973, Loss: 0.0928
LR: 0.000180, Acc: 96.4527, Loss: 0.1196
LR: 0.000180, Acc: 95.6081, Loss: 0.1420
LR: 0.000179, Acc: 95.6081, Loss: 0.1770
LR: 0.000179, Acc: 93.9189, Loss: 0.1733
LR: 0.000178, Acc: 94.9324, Loss: 0.1507
LR: 0.000178, Acc: 96.4527, Loss: 0.1158
LR: 0.000177, Acc: 95.4392, Loss: 0.1406
LR: 0.000177, Acc: 96.1149, Loss: 0.1478
LR: 0.000177, Acc: 95.2703, Loss: 0.1599
LR: 0.000176, Acc: 95.7770, Loss: 0.1356
LR: 0.000176, Acc: 95.9459, Loss: 0.1473
LR: 0.000175, Acc: 96.6216, Loss: 0.1233
LR: 0.000175, Acc: 96.4527, Loss: 0.1430
LR: 0.000174, Acc: 96.6216, Loss: 0.1280
LR: 0.000174, Acc: 96.6216, Loss: 0.1126
LR: 0.000173, Acc: 97.2973, Loss: 0.1163
LR: 0.000173, Acc: 97.4662, Loss: 0.0905
LR: 0.000172, Acc: 95.6081, Loss: 0.1420
LR: 0.000172, Acc: 96.7905, Loss: 0.1310
LR: 0.000171, Acc: 96.7905, Loss: 0.1064
LR: 0.000170, Acc: 96.2838, Loss: 0.1299
LR: 0.000170, Acc: 96.4527, Loss: 0.1165
LR: 0.000169, Acc: 96.9595, Loss: 0.1268
LR: 0.000169, Acc: 96.9595, Loss: 0.0914
LR: 0.000168, Acc: 96.6216, Loss: 0.1305
LR: 0.000168, Acc: 97.2973, Loss: 0.1096
LR: 0.000167, Acc: 97.1284, Loss: 0.1111
LR: 0.000167, Acc: 97.4662, Loss: 0.0868
LR: 0.000166, Acc: 97.1284, Loss: 0.1093
LR: 0.000166, Acc: 96.2838, Loss: 0.1234
LR: 0.000165, Acc: 96.2838, Loss: 0.1167
LR: 0.000164, Acc: 97.6351, Loss: 0.0899
LR: 0.000164, Acc: 96.4527, Loss: 0.1024
LR: 0.000163, Acc: 97.1284, Loss: 0.1230
LR: 0.000163, Acc: 95.7770, Loss: 0.1271
LR: 0.000162, Acc: 96.7905, Loss: 0.1230
LR: 0.000162, Acc: 97.1284, Loss: 0.1036
LR: 0.000161, Acc: 96.1149, Loss: 0.1370
LR: 0.000160, Acc: 95.7770, Loss: 0.1561
LR: 0.000160, Acc: 97.1284, Loss: 0.1097
LR: 0.000159, Acc: 96.7905, Loss: 0.1093
LR: 0.000159, Acc: 96.9595, Loss: 0.1215
LR: 0.000158, Acc: 96.7905, Loss: 0.1110
LR: 0.000157, Acc: 97.4662, Loss: 0.0905
LR: 0.000157, Acc: 97.6351, Loss: 0.0842
LR: 0.000156, Acc: 96.7905, Loss: 0.1033
LR: 0.000156, Acc: 97.2973, Loss: 0.0817
LR: 0.000155, Acc: 96.9595, Loss: 0.1138
LR: 0.000154, Acc: 97.6351, Loss: 0.0935
LR: 0.000154, Acc: 96.9595, Loss: 0.1032
LR: 0.000153, Acc: 96.9595, Loss: 0.0987
LR: 0.000152, Acc: 96.9595, Loss: 0.1018
LR: 0.000152, Acc: 96.6216, Loss: 0.1035
LR: 0.000151, Acc: 96.6216, Loss: 0.1205
LR: 0.000150, Acc: 96.6216, Loss: 0.1234
LR: 0.000150, Acc: 97.2973, Loss: 0.1015
LR: 0.000149, Acc: 95.9459, Loss: 0.1074
LR: 0.000149, Acc: 97.2973, Loss: 0.1138
LR: 0.000148, Acc: 96.7905, Loss: 0.0922
LR: 0.000147, Acc: 96.1149, Loss: 0.1451
LR: 0.000147, Acc: 95.4392, Loss: 0.1509
LR: 0.000146, Acc: 97.8041, Loss: 0.0946
LR: 0.000145, Acc: 97.6351, Loss: 0.0811
LR: 0.000145, Acc: 95.7770, Loss: 0.1232
LR: 0.000144, Acc: 97.1284, Loss: 0.0987
LR: 0.000143, Acc: 95.4392, Loss: 0.1659
LR: 0.000143, Acc: 97.2973, Loss: 0.0920
LR: 0.000142, Acc: 97.4662, Loss: 0.0853
LR: 0.000141, Acc: 98.6486, Loss: 0.0626
LR: 0.000141, Acc: 96.6216, Loss: 0.1104
LR: 0.000140, Acc: 97.2973, Loss: 0.0783
LR: 0.000139, Acc: 97.1284, Loss: 0.0943
LR: 0.000139, Acc: 98.6486, Loss: 0.0634
LR: 0.000138, Acc: 96.9595, Loss: 0.1197
LR: 0.000137, Acc: 96.2838, Loss: 0.1042
LR: 0.000136, Acc: 96.2838, Loss: 0.1129
LR: 0.000136, Acc: 96.7905, Loss: 0.0985
LR: 0.000135, Acc: 96.4527, Loss: 0.1100
LR: 0.000134, Acc: 97.9730, Loss: 0.0824
LR: 0.000134, Acc: 97.8041, Loss: 0.0926
LR: 0.000133, Acc: 97.6351, Loss: 0.0821
LR: 0.000132, Acc: 97.8041, Loss: 0.0607
LR: 0.000132, Acc: 98.1419, Loss: 0.0685
LR: 0.000131, Acc: 97.8041, Loss: 0.0802
LR: 0.000130, Acc: 97.1284, Loss: 0.1096
LR: 0.000129, Acc: 97.1284, Loss: 0.0839
LR: 0.000129, Acc: 97.4662, Loss: 0.0831
LR: 0.000128, Acc: 95.7770, Loss: 0.1199
LR: 0.000127, Acc: 98.6486, Loss: 0.0514
LR: 0.000127, Acc: 98.6486, Loss: 0.0527
LR: 0.000126, Acc: 97.8041, Loss: 0.0763
LR: 0.000125, Acc: 98.1419, Loss: 0.0655
LR: 0.000124, Acc: 97.2973, Loss: 0.1040
LR: 0.000124, Acc: 97.2973, Loss: 0.0792
LR: 0.000123, Acc: 98.1419, Loss: 0.0679
LR: 0.000122, Acc: 97.8041, Loss: 0.0724
LR: 0.000122, Acc: 97.4662, Loss: 0.0866
LR: 0.000121, Acc: 97.2973, Loss: 0.0902
LR: 0.000120, Acc: 98.6486, Loss: 0.0499
LR: 0.000119, Acc: 97.8041, Loss: 0.0661
LR: 0.000119, Acc: 98.3108, Loss: 0.0803
LR: 0.000118, Acc: 97.1284, Loss: 0.0866
LR: 0.000117, Acc: 98.8176, Loss: 0.0657
LR: 0.000116, Acc: 98.1419, Loss: 0.0589
LR: 0.000116, Acc: 96.9595, Loss: 0.1106
LR: 0.000115, Acc: 97.1284, Loss: 0.0961
LR: 0.000114, Acc: 97.9730, Loss: 0.0658
LR: 0.000113, Acc: 98.4797, Loss: 0.0513
LR: 0.000113, Acc: 98.4797, Loss: 0.0746
LR: 0.000112, Acc: 98.9865, Loss: 0.0368
LR: 0.000111, Acc: 97.8041, Loss: 0.0603
LR: 0.000111, Acc: 97.8041, Loss: 0.0711
LR: 0.000110, Acc: 98.3108, Loss: 0.0627
LR: 0.000109, Acc: 97.6351, Loss: 0.0626
LR: 0.000108, Acc: 98.6486, Loss: 0.0660
LR: 0.000108, Acc: 96.4527, Loss: 0.0989
LR: 0.000107, Acc: 98.1419, Loss: 0.0540
LR: 0.000106, Acc: 98.1419, Loss: 0.0638
LR: 0.000105, Acc: 97.1284, Loss: 0.0854
LR: 0.000105, Acc: 97.4662, Loss: 0.0995
LR: 0.000104, Acc: 98.1419, Loss: 0.0841
LR: 0.000103, Acc: 97.2973, Loss: 0.0810
LR: 0.000102, Acc: 97.8041, Loss: 0.0705
LR: 0.000102, Acc: 97.1284, Loss: 0.0880
LR: 0.000101, Acc: 97.8041, Loss: 0.0797
LR: 0.000100, Acc: 97.2973, Loss: 0.0910
LR: 0.000099, Acc: 96.4527, Loss: 0.1006
LR: 0.000099, Acc: 98.3108, Loss: 0.0602
LR: 0.000098, Acc: 97.9730, Loss: 0.0668
LR: 0.000097, Acc: 98.3108, Loss: 0.0560
LR: 0.000096, Acc: 98.3108, Loss: 0.0503
LR: 0.000096, Acc: 97.8041, Loss: 0.0741
LR: 0.000095, Acc: 97.4662, Loss: 0.0719
LR: 0.000094, Acc: 98.3108, Loss: 0.0549
LR: 0.000093, Acc: 97.8041, Loss: 0.0777
LR: 0.000093, Acc: 97.9730, Loss: 0.0633
LR: 0.000092, Acc: 97.2973, Loss: 0.0779
LR: 0.000091, Acc: 97.9730, Loss: 0.0564
LR: 0.000091, Acc: 98.3108, Loss: 0.0588
LR: 0.000090, Acc: 99.1554, Loss: 0.0397
LR: 0.000089, Acc: 97.2973, Loss: 0.0971
LR: 0.000088, Acc: 97.9730, Loss: 0.0663
LR: 0.000088, Acc: 97.4662, Loss: 0.0739
LR: 0.000087, Acc: 98.8176, Loss: 0.0456
LR: 0.000086, Acc: 98.8176, Loss: 0.0537
LR: 0.000085, Acc: 97.8041, Loss: 0.0589
LR: 0.000085, Acc: 97.9730, Loss: 0.0671
LR: 0.000084, Acc: 97.4662, Loss: 0.0845
LR: 0.000083, Acc: 97.2973, Loss: 0.0864
LR: 0.000082, Acc: 97.4662, Loss: 0.0818
LR: 0.000082, Acc: 96.7905, Loss: 0.0850
LR: 0.000081, Acc: 98.3108, Loss: 0.0622
LR: 0.000080, Acc: 98.3108, Loss: 0.0652
LR: 0.000080, Acc: 97.4662, Loss: 0.0761
LR: 0.000079, Acc: 96.7905, Loss: 0.0899
LR: 0.000078, Acc: 98.9865, Loss: 0.0437
LR: 0.000077, Acc: 98.9865, Loss: 0.0428
LR: 0.000077, Acc: 98.4797, Loss: 0.0565
LR: 0.000076, Acc: 97.8041, Loss: 0.0555
LR: 0.000075, Acc: 97.8041, Loss: 0.0790
LR: 0.000074, Acc: 98.6486, Loss: 0.0566
LR: 0.000074, Acc: 97.6351, Loss: 0.0622
LR: 0.000073, Acc: 98.1419, Loss: 0.0789
LR: 0.000072, Acc: 98.1419, Loss: 0.0800
LR: 0.000072, Acc: 98.8176, Loss: 0.0503
LR: 0.000071, Acc: 98.3108, Loss: 0.0582
LR: 0.000070, Acc: 98.1419, Loss: 0.0669
LR: 0.000069, Acc: 98.3108, Loss: 0.0502
LR: 0.000069, Acc: 97.4662, Loss: 0.0902
LR: 0.000068, Acc: 98.4797, Loss: 0.0573
LR: 0.000067, Acc: 98.1419, Loss: 0.0777
LR: 0.000067, Acc: 98.3108, Loss: 0.0617
LR: 0.000066, Acc: 98.4797, Loss: 0.0547
LR: 0.000065, Acc: 97.6351, Loss: 0.0627
LR: 0.000065, Acc: 98.8176, Loss: 0.0488
LR: 0.000064, Acc: 98.4797, Loss: 0.0412
LR: 0.000063, Acc: 98.1419, Loss: 0.0494
LR: 0.000063, Acc: 98.3108, Loss: 0.0605
LR: 0.000062, Acc: 99.1554, Loss: 0.0417
LR: 0.000061, Acc: 98.3108, Loss: 0.0610
LR: 0.000060, Acc: 96.4527, Loss: 0.1071
LR: 0.000060, Acc: 97.9730, Loss: 0.0685
LR: 0.000059, Acc: 98.8176, Loss: 0.0348
LR: 0.000058, Acc: 97.4662, Loss: 0.0705
LR: 0.000058, Acc: 98.4797, Loss: 0.0537
LR: 0.000057, Acc: 97.6351, Loss: 0.0863
LR: 0.000056, Acc: 97.4662, Loss: 0.0854
LR: 0.000056, Acc: 98.3108, Loss: 0.0659
LR: 0.000055, Acc: 98.9865, Loss: 0.0485
LR: 0.000054, Acc: 98.8176, Loss: 0.0451
LR: 0.000054, Acc: 98.8176, Loss: 0.0561
LR: 0.000053, Acc: 97.6351, Loss: 0.0665
LR: 0.000052, Acc: 98.1419, Loss: 0.0648
LR: 0.000052, Acc: 98.6486, Loss: 0.0484
LR: 0.000051, Acc: 98.4797, Loss: 0.0494
LR: 0.000051, Acc: 98.3108, Loss: 0.0491
LR: 0.000050, Acc: 97.9730, Loss: 0.0565
LR: 0.000049, Acc: 97.4662, Loss: 0.0858
LR: 0.000049, Acc: 97.4662, Loss: 0.0595
LR: 0.000048, Acc: 98.9865, Loss: 0.0357
LR: 0.000047, Acc: 98.4797, Loss: 0.0533
LR: 0.000047, Acc: 98.1419, Loss: 0.0454
LR: 0.000046, Acc: 98.4797, Loss: 0.0521
LR: 0.000046, Acc: 99.1554, Loss: 0.0350
LR: 0.000045, Acc: 98.6486, Loss: 0.0525
LR: 0.000044, Acc: 98.1419, Loss: 0.0624
LR: 0.000044, Acc: 98.4797, Loss: 0.0564
LR: 0.000043, Acc: 98.3108, Loss: 0.0479
LR: 0.000042, Acc: 99.1554, Loss: 0.0363
LR: 0.000042, Acc: 97.4662, Loss: 0.0581
LR: 0.000041, Acc: 97.6351, Loss: 0.0649
LR: 0.000041, Acc: 98.8176, Loss: 0.0442
LR: 0.000040, Acc: 98.8176, Loss: 0.0458
LR: 0.000039, Acc: 98.8176, Loss: 0.0496
LR: 0.000039, Acc: 98.4797, Loss: 0.0447
LR: 0.000038, Acc: 98.9865, Loss: 0.0475
LR: 0.000038, Acc: 99.1554, Loss: 0.0343
LR: 0.000037, Acc: 98.3108, Loss: 0.0502
LR: 0.000037, Acc: 98.3108, Loss: 0.0597
LR: 0.000036, Acc: 98.9865, Loss: 0.0385
LR: 0.000035, Acc: 98.4797, Loss: 0.0534
LR: 0.000035, Acc: 98.4797, Loss: 0.0429
LR: 0.000034, Acc: 97.8041, Loss: 0.0894
LR: 0.000034, Acc: 98.8176, Loss: 0.0574
LR: 0.000033, Acc: 98.9865, Loss: 0.0405
LR: 0.000033, Acc: 98.1419, Loss: 0.0634
LR: 0.000032, Acc: 98.4797, Loss: 0.0509
LR: 0.000032, Acc: 98.1419, Loss: 0.0569
LR: 0.000031, Acc: 97.9730, Loss: 0.0529
LR: 0.000031, Acc: 98.9865, Loss: 0.0317
LR: 0.000030, Acc: 98.4797, Loss: 0.0597
LR: 0.000030, Acc: 99.3243, Loss: 0.0287
LR: 0.000029, Acc: 98.9865, Loss: 0.0429
LR: 0.000028, Acc: 98.6486, Loss: 0.0448
LR: 0.000028, Acc: 98.9865, Loss: 0.0381
LR: 0.000027, Acc: 99.1554, Loss: 0.0395
LR: 0.000027, Acc: 98.6486, Loss: 0.0425
LR: 0.000026, Acc: 97.9730, Loss: 0.0678
LR: 0.000026, Acc: 98.6486, Loss: 0.0470
LR: 0.000025, Acc: 98.1419, Loss: 0.0628
LR: 0.000025, Acc: 99.3243, Loss: 0.0446
LR: 0.000025, Acc: 98.6486, Loss: 0.0489
LR: 0.000024, Acc: 98.9865, Loss: 0.0483
LR: 0.000024, Acc: 98.8176, Loss: 0.0417
LR: 0.000023, Acc: 98.8176, Loss: 0.0426
LR: 0.000023, Acc: 97.8041, Loss: 0.0906
LR: 0.000022, Acc: 98.3108, Loss: 0.0450
LR: 0.000022, Acc: 98.1419, Loss: 0.0642
LR: 0.000021, Acc: 98.8176, Loss: 0.0470
LR: 0.000021, Acc: 98.9865, Loss: 0.0392
LR: 0.000020, Acc: 98.4797, Loss: 0.0473
LR: 0.000020, Acc: 98.8176, Loss: 0.0526
LR: 0.000020, Acc: 98.6486, Loss: 0.0471
LR: 0.000019, Acc: 97.8041, Loss: 0.0643
LR: 0.000019, Acc: 99.3243, Loss: 0.0262
LR: 0.000018, Acc: 98.8176, Loss: 0.0471
LR: 0.000018, Acc: 99.1554, Loss: 0.0450
LR: 0.000017, Acc: 98.8176, Loss: 0.0445
LR: 0.000017, Acc: 98.6486, Loss: 0.0375
LR: 0.000017, Acc: 98.8176, Loss: 0.0386
LR: 0.000016, Acc: 98.4797, Loss: 0.0537
LR: 0.000016, Acc: 96.6216, Loss: 0.0905
LR: 0.000015, Acc: 98.4797, Loss: 0.0551
LR: 0.000015, Acc: 98.6486, Loss: 0.0466
LR: 0.000015, Acc: 98.1419, Loss: 0.0622
LR: 0.000014, Acc: 98.9865, Loss: 0.0436
LR: 0.000014, Acc: 98.6486, Loss: 0.0575
LR: 0.000014, Acc: 99.1554, Loss: 0.0304
LR: 0.000013, Acc: 97.9730, Loss: 0.0571
LR: 0.000013, Acc: 98.6486, Loss: 0.0396
LR: 0.000012, Acc: 97.4662, Loss: 0.0767
LR: 0.000012, Acc: 98.3108, Loss: 0.0518
LR: 0.000012, Acc: 98.4797, Loss: 0.0490
LR: 0.000011, Acc: 98.4797, Loss: 0.0445
LR: 0.000011, Acc: 98.8176, Loss: 0.0388
LR: 0.000011, Acc: 98.4797, Loss: 0.0491
LR: 0.000011, Acc: 98.3108, Loss: 0.0477
LR: 0.000010, Acc: 98.3108, Loss: 0.0757
LR: 0.000010, Acc: 98.3108, Loss: 0.0470
LR: 0.000010, Acc: 99.1554, Loss: 0.0379
LR: 0.000009, Acc: 98.6486, Loss: 0.0532
LR: 0.000009, Acc: 98.3108, Loss: 0.0554
LR: 0.000009, Acc: 98.8176, Loss: 0.0376
LR: 0.000008, Acc: 98.9865, Loss: 0.0423
LR: 0.000008, Acc: 98.3108, Loss: 0.0419
LR: 0.000008, Acc: 98.4797, Loss: 0.0676
LR: 0.000008, Acc: 98.3108, Loss: 0.0651
LR: 0.000007, Acc: 98.4797, Loss: 0.0564
LR: 0.000007, Acc: 98.9865, Loss: 0.0345
LR: 0.000007, Acc: 98.8176, Loss: 0.0338
LR: 0.000007, Acc: 98.9865, Loss: 0.0602
LR: 0.000006, Acc: 98.6486, Loss: 0.0413
LR: 0.000006, Acc: 98.4797, Loss: 0.0499
>>> Switching to ROUTER-ONLY finetuning <<<
LR: 0.000200, Acc: 98.8176, Loss: 0.0613
LR: 0.000200, Acc: 97.2973, Loss: 0.0754
LR: 0.000199, Acc: 97.8041, Loss: 0.0609
LR: 0.000197, Acc: 98.6486, Loss: 0.0439
LR: 0.000195, Acc: 98.1419, Loss: 0.0460
LR: 0.000193, Acc: 98.9865, Loss: 0.0360
LR: 0.000190, Acc: 99.1554, Loss: 0.0336
LR: 0.000187, Acc: 98.3108, Loss: 0.0482
LR: 0.000183, Acc: 98.6486, Loss: 0.0518
LR: 0.000178, Acc: 98.9865, Loss: 0.0370
LR: 0.000173, Acc: 98.8176, Loss: 0.0424
LR: 0.000168, Acc: 98.9865, Loss: 0.0386
LR: 0.000162, Acc: 98.6486, Loss: 0.0446
LR: 0.000156, Acc: 99.3243, Loss: 0.0260
LR: 0.000150, Acc: 99.3243, Loss: 0.0261
LR: 0.000144, Acc: 98.8176, Loss: 0.0318
LR: 0.000137, Acc: 99.4932, Loss: 0.0254
LR: 0.000130, Acc: 98.6486, Loss: 0.0418
LR: 0.000123, Acc: 98.6486, Loss: 0.0531
LR: 0.000115, Acc: 98.3108, Loss: 0.0466
LR: 0.000108, Acc: 98.9865, Loss: 0.0353
LR: 0.000100, Acc: 98.8176, Loss: 0.0508
LR: 0.000093, Acc: 98.3108, Loss: 0.0590
LR: 0.000086, Acc: 98.6486, Loss: 0.0494
LR: 0.000078, Acc: 98.8176, Loss: 0.0269
LR: 0.000071, Acc: 98.1419, Loss: 0.0474
LR: 0.000064, Acc: 98.6486, Loss: 0.0517
LR: 0.000057, Acc: 98.8176, Loss: 0.0352
LR: 0.000051, Acc: 98.3108, Loss: 0.0653
LR: 0.000045, Acc: 99.3243, Loss: 0.0338
LR: 0.000039, Acc: 98.1419, Loss: 0.0624
LR: 0.000033, Acc: 98.1419, Loss: 0.0728
LR: 0.000028, Acc: 98.8176, Loss: 0.0533
LR: 0.000023, Acc: 98.8176, Loss: 0.0468
LR: 0.000018, Acc: 98.4797, Loss: 0.0394
LR: 0.000014, Acc: 98.4797, Loss: 0.0390
LR: 0.000011, Acc: 98.3108, Loss: 0.0530
LR: 0.000008, Acc: 97.2973, Loss: 0.0773
LR: 0.000006, Acc: 98.4797, Loss: 0.0457
LR: 0.000004, Acc: 98.6486, Loss: 0.0453
LR: 0.000002, Acc: 99.1554, Loss: 0.0311
LR: 0.000001, Acc: 98.4797, Loss: 0.0462
LR: 0.000001, Acc: 97.8041, Loss: 0.0664
**** Final test accuracy: 91.06. ****

LoRA weights saved to weights/vitb16/oxford_pets/16shots/2experts/seed1/CLIP-MoLE_oxford_pets.pt
